// Jest Snapshot v1, https://goo.gl/fbAQLP

exports[`Render avigationr Displays correctly the header with the navigation bar 1`] = `
<header
  className="header container"
>
  <div
    className="header__logo"
  >
    <img
      alt="logo"
      className="header__logo-img"
      src="planet.png"
    />
    <span
      className="header__logo-title"
    >
      Space Travelers' Hub
    </span>
  </div>
  <nav>
    <ul
      className="header__nav-items"
    >
      <li
        className="header__nav-item"
      >
        <a
          aria-current="page"
          className="header__nav-link active"
          href="/"
          onClick={[Function]}
        >
          Rockets
        </a>
      </li>
      <li
        className="header__nav-item header__nav-item--br"
      >
        <a
          className="header__nav-link"
          href="/missions"
          onClick={[Function]}
        >
          Missions
        </a>
      </li>
      <li
        className="header__nav-item"
      >
        <a
          className="header__nav-link"
          href="/my-profile"
          onClick={[Function]}
        >
          My Profile
        </a>
      </li>
    </ul>
  </nav>
</header>
`;
